npm verbose cli C:\Program Files\nodejs\node.exe C:\Program Files\nodejs\node_modules\npm\bin\npm-cli.js
npm info using npm@11.11.0
npm info using node@v24.14.1
npm verbose title npm install
npm verbose argv "install" "--force" "--loglevel" "verbose"
npm verbose logfile logs-max:10 dir:C:\Users\IYONICORP\AppData\Local\npm-cache\_logs\2026-06-11T17_53_27_240Z-
npm verbose logfile C:\Users\IYONICORP\AppData\Local\npm-cache\_logs\2026-06-11T17_53_27_240Z-debug-0.log
npm warn using --force Recommended protections disabled.
npm http fetch GET 200 https://registry.npmjs.org/axios 926ms (cache revalidated)
npm http fetch GET 200 https://registry.npmjs.org/bootstrap 588ms (cache revalidated)
npm http fetch GET 200 https://registry.npmjs.org/@popperjs%2fcore 1176ms (cache revalidated)
npm http fetch GET 200 https://registry.npmjs.org/bootstrap-icons 476ms (cache revalidated)
npm http fetch GET 200 https://registry.npmjs.org/dotenv 188ms (cache revalidated)
npm http fetch GET 200 https://registry.npmjs.org/react 586ms (cache revalidated)
npm http fetch GET 200 https://registry.npmjs.org/react-dom 292ms (cache revalidated)
npm http fetch GET 200 https://registry.npmjs.org/react-router-dom 518ms (cache revalidated)
npm http fetch GET 200 https://registry.npmjs.org/react-scripts 727ms (cache revalidated)
npm http fetch GET 200 https://registry.npmjs.org/typescript 226ms (cache revalidated)
npm http fetch GET 200 https://registry.npmjs.org/yaml 446ms (cache revalidated)
npm http fetch GET 200 https://registry.npmjs.org/follow-redirects 490ms (cache revalidated)
npm http fetch GET 200 https://registry.npmjs.org/loose-envify 406ms (cache revalidated)
npm http fetch GET 200 https://registry.npmjs.org/form-data 919ms (cache revalidated)
npm http fetch GET 200 https://registry.npmjs.org/https-proxy-agent 926ms (cache revalidated)
npm http fetch GET 200 https://registry.npmjs.org/scheduler 474ms (cache revalidated)
npm http fetch GET 200 https://registry.npmjs.org/react-router 603ms (cache revalidated)
npm http fetch GET 200 https://registry.npmjs.org/jest 105ms (cache revalidated)
npm http fetch GET 200 https://registry.npmjs.org/eslint 97ms (cache revalidated)
npm http fetch GET 200 https://registry.npmjs.org/@remix-run%2frouter 1012ms (cache revalidated)
npm http fetch GET 200 https://registry.npmjs.org/semver 113ms (cache revalidated)
npm http fetch GET 200 https://registry.npmjs.org/bfj 565ms (cache revalidated)
npm http fetch GET 200 https://registry.npmjs.org/postcss 443ms (cache revalidated)
npm http fetch GET 200 https://registry.npmjs.org/resolve 719ms (cache revalidated)
npm http fetch GET 200 https://registry.npmjs.org/prompts 754ms (cache revalidated)
npm http fetch GET 200 https://registry.npmjs.org/webpack 450ms (cache revalidated)
npm http fetch GET 200 https://registry.npmjs.org/css-loader 428ms (cache revalidated)
npm http fetch GET 200 https://registry.npmjs.org/fs-extra 456ms (cache revalidated)
npm http fetch GET 200 https://registry.npmjs.org/file-loader 446ms (cache revalidated)
npm http fetch GET 200 https://registry.npmjs.org/sass-loader 450ms (cache revalidated)
npm http fetch GET 200 https://registry.npmjs.org/@babel%2fcore 805ms (cache revalidated)
npm http fetch GET 200 https://registry.npmjs.org/browserslist 372ms (cache revalidated)
npm http fetch GET 200 https://registry.npmjs.org/babel-loader 441ms (cache revalidated)
npm http fetch GET 200 https://registry.npmjs.org/tailwindcss 578ms (cache revalidated)
npm http fetch GET 200 https://registry.npmjs.org/style-loader 538ms (cache revalidated)
npm http fetch GET 200 https://registry.npmjs.org/jest-resolve 750ms (cache revalidated)
npm http fetch GET 200 https://registry.npmjs.org/dotenv-expand 582ms (cache revalidated)
npm http fetch GET 200 https://registry.npmjs.org/react-refresh 657ms (cache revalidated)
npm http fetch GET 200 https://registry.npmjs.org/postcss-loader 757ms (cache revalidated)
npm http fetch GET 200 https://registry.npmjs.org/react-dev-utils 485ms (cache revalidated)
npm http fetch GET 200 https://registry.npmjs.org/source-map-loader 524ms (cache revalidated)
npm http fetch GET 200 https://registry.npmjs.org/react-app-polyfill 461ms (cache revalidated)
npm http fetch GET 200 https://registry.npmjs.org/identity-obj-proxy 506ms (cache revalidated)
npm http fetch GET 200 https://registry.npmjs.org/resolve-url-loader 433ms (cache revalidated)
npm http fetch GET 200 https://registry.npmjs.org/webpack-dev-server 453ms (cache revalidated)
npm http fetch GET 200 https://registry.npmjs.org/html-webpack-plugin 478ms (cache revalidated)
npm http fetch GET 200 https://registry.npmjs.org/jest-watch-typeahead 439ms (cache revalidated)
npm http fetch GET 200 https://registry.npmjs.org/eslint-webpack-plugin 522ms (cache revalidated)
npm http fetch GET 200 https://registry.npmjs.org/postcss-flexbugs-fixes 566ms (cache revalidated)
npm http fetch GET 200 https://registry.npmjs.org/babel-preset-react-app 717ms (cache revalidated)
npm http fetch GET 200 https://registry.npmjs.org/terser-webpack-plugin 1037ms (cache revalidated)
npm http fetch GET 200 https://registry.npmjs.org/eslint-config-react-app 437ms (cache revalidated)
npm http fetch GET 200 https://registry.npmjs.org/workbox-webpack-plugin 463ms (cache revalidated)
npm http fetch GET 200 https://registry.npmjs.org/mini-css-extract-plugin 857ms (cache revalidated)
npm http fetch GET 200 https://registry.npmjs.org/css-minimizer-webpack-plugin 775ms (cache revalidated)
npm http fetch GET 200 https://registry.npmjs.org/webpack-manifest-plugin 935ms (cache revalidated)
npm http fetch GET 200 https://registry.npmjs.org/fsevents 613ms (cache revalidated)
npm http fetch GET 200 https://registry.npmjs.org/@pmmmwh%2freact-refresh-webpack-plugin 1015ms (cache revalidated)
npm http fetch GET 200 https://registry.npmjs.org/combined-stream 534ms (cache revalidated)
npm http fetch GET 200 https://registry.npmjs.org/es-set-tostringtag 538ms (cache revalidated)
npm http fetch GET 200 https://registry.npmjs.org/asynckit 600ms (cache revalidated)
npm http fetch GET 200 https://registry.npmjs.org/agent-base 491ms (cache revalidated)
npm http cache https://registry.npmjs.org/path-type 9ms (cache hit)
npm http fetch GET 200 https://registry.npmjs.org/delayed-stream 656ms (cache revalidated)
npm http fetch GET 200 https://registry.npmjs.org/get-intrinsic 659ms (cache revalidated)
npm http fetch GET 200 https://registry.npmjs.org/js-tokens 506ms (cache revalidated)
npm http cache https://registry.npmjs.org/react 45ms (cache hit)
npm http fetch GET 200 https://registry.npmjs.org/node-notifier 706ms (cache revalidated)
npm http fetch GET 200 https://registry.npmjs.org/@rspack%2fcore 1240ms (cache revalidated)
npm http fetch GET 200 https://registry.npmjs.org/@swc%2fhelpers 1007ms (cache revalidated)
npm http fetch GET 200 https://registry.npmjs.org/fibers 576ms (cache revalidated)
npm http fetch GET 200 https://registry.npmjs.org/node-sass 606ms (cache revalidated)
npm http fetch GET 200 https://registry.npmjs.org/sass 602ms (cache revalidated)
npm http fetch GET 200 https://registry.npmjs.org/sass-embedded 597ms (cache revalidated)
npm http fetch GET 200 https://registry.npmjs.org/rework 556ms (cache revalidated)
npm http fetch GET 200 https://registry.npmjs.org/rework-visit 424ms (cache revalidated)
npm http fetch GET 200 https://registry.npmjs.org/@types%2fwebpack 801ms (cache revalidated)
npm http fetch GET 200 https://registry.npmjs.org/sockjs-client 448ms (cache revalidated)
npm http fetch GET 200 https://registry.npmjs.org/type-fest 422ms (cache revalidated)
npm http fetch GET 200 https://registry.npmjs.org/webpack-hot-middleware 642ms (cache revalidated)
npm http fetch GET 200 https://registry.npmjs.org/webpack-plugin-serve 452ms (cache revalidated)
npm http fetch GET 200 https://registry.npmjs.org/@babel%2fhelper-compilation-targets 883ms (cache revalidated)
npm http fetch GET 200 https://registry.npmjs.org/@babel%2fgenerator 913ms (cache revalidated)
npm http fetch GET 200 https://registry.npmjs.org/@babel%2fcode-frame 966ms (cache revalidated)
npm http fetch GET 200 https://registry.npmjs.org/@babel%2fhelper-module-transforms 771ms (cache revalidated)
npm http fetch GET 200 https://registry.npmjs.org/@babel%2fhelpers 1140ms (cache revalidated)
npm http fetch GET 200 https://registry.npmjs.org/@babel%2fparser 1105ms (cache revalidated)
npm http fetch GET 200 https://registry.npmjs.org/@babel%2ftraverse 944ms (cache revalidated)
npm http fetch GET 200 https://registry.npmjs.org/@jridgewell%2fremapping 868ms (cache revalidated)
npm http fetch GET 200 https://registry.npmjs.org/@babel%2ftypes 977ms (cache revalidated)
npm http fetch GET 200 https://registry.npmjs.org/gensync 419ms (cache revalidated)
npm http fetch GET 200 https://registry.npmjs.org/json5 475ms (cache revalidated)
npm http fetch GET 200 https://registry.npmjs.org/ansi-html 446ms (cache revalidated)
npm http fetch GET 200 https://registry.npmjs.org/core-js-pure 438ms (cache revalidated)
npm http fetch GET 200 https://registry.npmjs.org/error-stack-parser 427ms (cache revalidated)
npm http fetch GET 200 https://registry.npmjs.org/@types%2festree 771ms (cache revalidated)
npm http fetch GET 200 https://registry.npmjs.org/@types%2fjson-schema 811ms (cache revalidated)
npm http fetch GET 200 https://registry.npmjs.org/@webassemblyjs%2fast 754ms (cache revalidated)
npm http fetch GET 200 https://registry.npmjs.org/@webassemblyjs%2fwasm-edit 764ms (cache revalidated)
npm http fetch GET 200 https://registry.npmjs.org/acorn-import-phases 438ms (cache revalidated)
npm http fetch GET 200 https://registry.npmjs.org/@webassemblyjs%2fwasm-parser 790ms (cache revalidated)
npm http fetch GET 200 https://registry.npmjs.org/enhanced-resolve 449ms (cache revalidated)
npm http fetch GET 200 https://registry.npmjs.org/es-module-lexer 510ms (cache revalidated)
npm http fetch GET 200 https://registry.npmjs.org/eslint-scope 431ms (cache revalidated)
npm http fetch GET 200 https://registry.npmjs.org/events 452ms (cache revalidated)
npm http fetch GET 200 https://registry.npmjs.org/glob-to-regexp 448ms (cache revalidated)
npm http fetch GET 200 https://registry.npmjs.org/graceful-fs 428ms (cache revalidated)
npm http fetch GET 200 https://registry.npmjs.org/mime-db 438ms (cache revalidated)
npm http fetch GET 200 https://registry.npmjs.org/neo-async 456ms (cache revalidated)
npm http fetch GET 200 https://registry.npmjs.org/watchpack 421ms (cache revalidated)
npm http fetch GET 200 https://registry.npmjs.org/webpack-sources 439ms (cache revalidated)
npm http fetch GET 200 https://registry.npmjs.org/loader-runner 1282ms (cache revalidated)
npm http cache https://registry.npmjs.org/@babel%2fplugin-proposal-class-properties 18ms (cache hit)
npm http cache https://registry.npmjs.org/@babel%2fplugin-proposal-decorators 21ms (cache hit)
npm http cache https://registry.npmjs.org/@babel%2fplugin-proposal-nullish-coalescing-operator 21ms (cache hit)
npm http cache https://registry.npmjs.org/@babel%2fplugin-proposal-numeric-separator 17ms (cache hit)
npm http cache https://registry.npmjs.org/@babel%2fplugin-proposal-optional-chaining 67ms (cache hit)
npm http cache https://registry.npmjs.org/@babel%2fplugin-proposal-private-methods 96ms (cache hit)
npm http fetch GET 200 https://registry.npmjs.org/schema-utils 450ms (cache revalidated)
npm http cache https://registry.npmjs.org/@babel%2fplugin-proposal-private-property-in-object 104ms (cache hit)
npm http cache https://registry.npmjs.org/@babel%2fplugin-transform-react-display-name 47ms (cache hit)
npm http cache https://registry.npmjs.org/@babel%2fplugin-transform-flow-strip-types 137ms (cache hit)
npm http cache https://registry.npmjs.org/@babel%2fplugin-transform-runtime 88ms (cache hit)
npm http cache https://registry.npmjs.org/@babel%2fpreset-typescript 83ms (cache hit)
npm http cache https://registry.npmjs.org/@babel%2fruntime 63ms (cache hit)
npm http cache https://registry.npmjs.org/babel-plugin-transform-react-remove-prop-types 107ms (cache hit)
npm http cache https://registry.npmjs.org/hoopy 121ms (cache hit)
npm http cache https://registry.npmjs.org/tryer 147ms (cache hit)
npm http cache https://registry.npmjs.org/bluebird 106ms (cache hit)
npm http fetch GET 200 https://registry.npmjs.org/@babel%2fpreset-env 931ms (cache revalidated)
npm http cache https://registry.npmjs.org/jsonpath 140ms (cache hit)
npm http cache https://registry.npmjs.org/check-types 82ms (cache hit)
npm http fetch GET 200 https://registry.npmjs.org/@babel%2fpreset-react 1132ms (cache revalidated)
npm http cache https://registry.npmjs.org/baseline-browser-mapping 169ms (cache hit)
npm http cache https://registry.npmjs.org/caniuse-lite 172ms (cache hit)
npm http cache https://registry.npmjs.org/update-browserslist-db 210ms (cache hit)
npm http cache https://registry.npmjs.org/electron-to-chromium 317ms (cache hit)
npm http cache https://registry.npmjs.org/ajv 256ms (cache hit)
npm http cache https://registry.npmjs.org/jest-worker 515ms (cache hit)
npm http cache https://registry.npmjs.org/levn 123ms (cache hit)
npm http fetch GET 200 https://registry.npmjs.org/source-map 869ms (cache revalidated)
npm http cache https://registry.npmjs.org/espree 194ms (cache hit)
npm http cache https://registry.npmjs.org/ignore 95ms (cache hit)
npm http cache https://registry.npmjs.org/esquery 123ms (cache hit)
npm http cache https://registry.npmjs.org/esutils 52ms (cache hit)
npm http cache https://registry.npmjs.org/find-up 31ms (cache hit)
npm http cache https://registry.npmjs.org/js-yaml 40ms (cache hit)
npm http cache https://registry.npmjs.org/doctrine 45ms (cache hit)
npm http fetch GET 200 https://registry.npmjs.org/chalk 500ms (cache revalidated)
npm http cache https://registry.npmjs.org/graphemer 59ms (cache hit)
npm http cache https://registry.npmjs.org/@eslint%2fjs 59ms (cache hit)
npm http cache https://registry.npmjs.org/optionator 42ms (cache hit)
npm http cache https://registry.npmjs.org/text-table 40ms (cache hit)
npm http cache https://registry.npmjs.org/cross-spawn 43ms (cache hit)
npm http cache https://registry.npmjs.org/imurmurhash 51ms (cache hit)
npm http cache https://registry.npmjs.org/lodash.merge 42ms (cache hit)
npm http cache https://registry.npmjs.org/fast-deep-equal 36ms (cache hit)
npm http cache https://registry.npmjs.org/natural-compare 46ms (cache hit)
npm http cache https://registry.npmjs.org/@nodelib%2ffs.walk 37ms (cache hit)
npm http cache https://registry.npmjs.org/@eslint%2feslintrc 64ms (cache hit)
npm http cache https://registry.npmjs.org/@ungap%2fstructured-clone 44ms (cache hit)
npm http cache https://registry.npmjs.org/@humanwhocodes%2fmodule-importer 37ms (cache hit)
npm http cache https://registry.npmjs.org/json-stable-stringify-without-jsonify 34ms (cache hit)
npm http cache https://registry.npmjs.org/eslint-plugin-jest 56ms (cache hit)
npm http cache https://registry.npmjs.org/@babel%2feslint-parser 96ms (cache hit)
npm http cache https://registry.npmjs.org/eslint-plugin-react 120ms (cache hit)
npm http cache https://registry.npmjs.org/eslint-plugin-import 76ms (cache hit)
npm http cache https://registry.npmjs.org/eslint-plugin-flowtype 80ms (cache hit)
npm http cache https://registry.npmjs.org/eslint-plugin-jsx-a11y 73ms (cache hit)
npm http cache https://registry.npmjs.org/@rushstack%2feslint-patch 75ms (cache hit)
npm http cache https://registry.npmjs.org/eslint-plugin-testing-library 46ms (cache hit)
npm http cache https://registry.npmjs.org/eslint-plugin-react-hooks 150ms (cache hit)
npm http cache https://registry.npmjs.org/@typescript-eslint%2feslint-plugin 562ms (cache hit)
npm http cache https://registry.npmjs.org/normalize-path 1015ms (cache hit)
npm http cache https://registry.npmjs.org/@types%2feslint 1254ms (cache hit)
npm http cache https://registry.npmjs.org/html-minifier-terser 151ms (cache hit)
npm http cache https://registry.npmjs.org/lodash 150ms (cache hit)
npm http cache https://registry.npmjs.org/pretty-error 108ms (cache hit)
npm http cache https://registry.npmjs.org/import-local 138ms (cache hit)
npm http cache https://registry.npmjs.org/@jest%2fcore 181ms (cache hit)
npm http cache https://registry.npmjs.org/jest-util 104ms (cache hit)
npm http cache https://registry.npmjs.org/jest-validate 107ms (cache hit)
npm http cache https://registry.npmjs.org/jest-pnp-resolver 26ms (cache hit)
npm http cache https://registry.npmjs.org/jest-haste-map 95ms (cache hit)
npm http cache https://registry.npmjs.org/strip-ansi 71ms (cache hit)
npm http fetch GET 200 https://registry.npmjs.org/slash 575ms (cache revalidated)
npm http cache https://registry.npmjs.org/jest-watcher 129ms (cache hit)
npm http cache https://registry.npmjs.org/string-length 112ms (cache hit)
npm http cache https://registry.npmjs.org/jest-regex-util 109ms (cache hit)
npm http fetch GET 200 https://registry.npmjs.org/slash 415ms (cache revalidated)
npm http cache https://registry.npmjs.org/nanoid 84ms (cache hit)
npm http cache https://registry.npmjs.org/klona 67ms (cache hit)
npm http cache https://registry.npmjs.org/source-map-js 78ms (cache hit)
npm http cache https://registry.npmjs.org/kleur 106ms (cache hit)
npm http cache https://registry.npmjs.org/raf 107ms (cache hit)
npm http cache https://registry.npmjs.org/core-js 111ms (cache hit)
npm http cache https://registry.npmjs.org/promise 96ms (cache hit)
npm http cache https://registry.npmjs.org/object-assign 107ms (cache hit)
npm http cache https://registry.npmjs.org/open 134ms (cache hit)
npm http cache https://registry.npmjs.org/immer 156ms (cache hit)
npm http cache https://registry.npmjs.org/pkg-up 118ms (cache hit)
npm http cache https://registry.npmjs.org/globby 142ms (cache hit)
npm http cache https://registry.npmjs.org/filesize 42ms (cache hit)
npm http cache https://registry.npmjs.org/is-root 65ms (cache hit)
npm http cache https://registry.npmjs.org/shell-quote 59ms (cache hit)
npm http cache https://registry.npmjs.org/global-modules 231ms (cache hit)
npm http cache https://registry.npmjs.org/detect-port-alt 188ms (cache hit)
npm http cache https://registry.npmjs.org/react-error-overlay 34ms (cache hit)
npm http cache https://registry.npmjs.org/fork-ts-checker-webpack-plugin 77ms (cache hit)
npm http cache https://registry.npmjs.org/supports-preserve-symlinks-flag 186ms (cache hit)
npm http cache https://registry.npmjs.org/adjust-sourcemap-loader 145ms (cache hit)
npm http fetch GET 200 https://registry.npmjs.org/loader-utils 642ms (cache revalidated)
npm http cache https://registry.npmjs.org/iconv-lite 108ms (cache hit)
npm http cache https://registry.npmjs.org/dlv 61ms (cache hit)
npm http cache https://registry.npmjs.org/jiti 48ms (cache hit)
npm http cache https://registry.npmjs.org/sucrase 58ms (cache hit)
npm http cache https://registry.npmjs.org/chokidar 52ms (cache hit)
npm http cache https://registry.npmjs.org/fast-glob 275ms (cache hit)
npm http cache https://registry.npmjs.org/lilconfig 167ms (cache hit)
npm http fetch GET 200 https://registry.npmjs.org/convert-source-map 643ms (cache revalidated)
npm http cache https://registry.npmjs.org/postcss-js 157ms (cache hit)
npm http cache https://registry.npmjs.org/postcss-import 143ms (cache hit)
npm http cache https://registry.npmjs.org/postcss-load-config 164ms (cache hit)
npm http cache https://registry.npmjs.org/postcss-selector-parser 96ms (cache hit)
npm http cache https://registry.npmjs.org/terser 133ms (cache hit)
npm http cache https://registry.npmjs.org/ws 181ms (cache hit)
npm http cache https://registry.npmjs.org/spdy 211ms (cache hit)
npm http cache https://registry.npmjs.org/rimraf 153ms (cache hit)
npm http cache https://registry.npmjs.org/sockjs 114ms (cache hit)
npm http cache https://registry.npmjs.org/express 111ms (cache hit)
npm http cache https://registry.npmjs.org/@types%2fws 212ms (cache hit)
npm http cache https://registry.npmjs.org/selfsigned 174ms (cache hit)
npm http cache https://registry.npmjs.org/serve-index 99ms (cache hit)
npm http cache https://registry.npmjs.org/launch-editor 94ms (cache hit)
npm http cache https://registry.npmjs.org/bonjour-service 119ms (cache hit)
npm http cache https://registry.npmjs.org/default-gateway 118ms (cache hit)
npm http cache https://registry.npmjs.org/ansi-html-community 162ms (cache hit)
npm http cache https://registry.npmjs.org/http-proxy-middleware 124ms (cache hit)
npm http cache https://registry.npmjs.org/webpack-dev-middleware 170ms (cache hit)
npm http cache https://registry.npmjs.org/upath 241ms (cache hit)
npm http cache https://registry.npmjs.org/workbox-build 196ms (cache hit)
npm http cache https://registry.npmjs.org/fast-json-stable-stringify 174ms (cache hit)
npm http cache https://registry.npmjs.org/@babel%2fcompat-data 48ms (cache hit)
npm http cache https://registry.npmjs.org/jsesc 65ms (cache hit)
npm http cache https://registry.npmjs.org/@babel%2fhelper-validator-option 69ms (cache hit)
npm http cache https://registry.npmjs.org/@babel%2fhelper-globals 53ms (cache hit)
npm http cache https://registry.npmjs.org/lru-cache 81ms (cache hit)
npm http cache https://registry.npmjs.org/@babel%2fhelper-string-parser 82ms (cache hit)
npm http cache https://registry.npmjs.org/@babel%2fhelper-annotate-as-pure 129ms (cache hit)
npm http cache https://registry.npmjs.org/regexpu-core 139ms (cache hit)
npm http cache https://registry.npmjs.org/regjsparser 133ms (cache hit)
npm http cache https://registry.npmjs.org/regenerate-unicode-properties 151ms (cache hit)
npm http cache https://registry.npmjs.org/stackframe 131ms (cache hit)
npm http cache https://registry.npmjs.org/ajv-keywords 12ms (cache hit)
npm http cache https://registry.npmjs.org/@babel%2fhelper-create-class-features-plugin 46ms (cache hit)
npm http cache https://registry.npmjs.org/@babel%2fhelper-create-class-features-plugin 96ms (cache hit)
npm http cache https://registry.npmjs.org/@babel%2fhelper-plugin-utils 108ms (cache hit)
npm http cache https://registry.npmjs.org/@babel%2fhelper-plugin-utils 62ms (cache hit)
npm http cache https://registry.npmjs.org/@babel%2fplugin-syntax-decorators 71ms (cache hit)
npm http cache https://registry.npmjs.org/@babel%2fhelper-skip-transparent-expression-wrappers 91ms (cache hit)
npm http cache https://registry.npmjs.org/@babel%2fplugin-syntax-private-property-in-object 83ms (cache hit)
npm http cache https://registry.npmjs.org/@babel%2fplugin-syntax-flow 68ms (cache hit)
npm http cache https://registry.npmjs.org/babel-plugin-polyfill-corejs2 55ms (cache hit)
npm http cache https://registry.npmjs.org/babel-plugin-polyfill-corejs3 75ms (cache hit)
npm http cache https://registry.npmjs.org/babel-plugin-polyfill-regenerator 74ms (cache hit)
npm http cache https://registry.npmjs.org/@babel%2fplugin-bugfix-firefox-class-in-computed-class-key 88ms (cache hit)
npm http cache https://registry.npmjs.org/@babel%2fplugin-bugfix-safari-class-field-initializer-scope 68ms (cache hit)
npm http cache https://registry.npmjs.org/@babel%2fplugin-bugfix-safari-id-destructuring-collision-in-function-expression 52ms (cache hit)
npm http cache https://registry.npmjs.org/@babel%2fplugin-bugfix-safari-rest-destructuring-rhs-array 59ms (cache hit)
npm http cache https://registry.npmjs.org/@babel%2fplugin-bugfix-v8-spread-parameters-in-optional-chaining 70ms (cache hit)
npm http cache https://registry.npmjs.org/@babel%2fplugin-bugfix-v8-static-class-fields-redefine-readonly 80ms (cache hit)
npm http cache https://registry.npmjs.org/@babel%2fplugin-syntax-import-assertions 66ms (cache hit)
npm http cache https://registry.npmjs.org/@babel%2fplugin-syntax-import-attributes 78ms (cache hit)
npm http cache https://registry.npmjs.org/@babel%2fplugin-syntax-unicode-sets-regex 69ms (cache hit)
npm http cache https://registry.npmjs.org/@babel%2fplugin-transform-arrow-functions 54ms (cache hit)
npm http cache https://registry.npmjs.org/@babel%2fplugin-transform-async-generator-functions 95ms (cache hit)
npm http cache https://registry.npmjs.org/@babel%2fplugin-transform-async-to-generator 92ms (cache hit)
npm http cache https://registry.npmjs.org/@babel%2fplugin-transform-block-scoped-functions 63ms (cache hit)
npm http cache https://registry.npmjs.org/@babel%2fplugin-transform-block-scoping 81ms (cache hit)
npm http cache https://registry.npmjs.org/@babel%2fplugin-transform-class-properties 70ms (cache hit)
npm http cache https://registry.npmjs.org/@babel%2fplugin-transform-class-static-block 39ms (cache hit)
npm http cache https://registry.npmjs.org/@babel%2fplugin-transform-classes 66ms (cache hit)
npm http cache https://registry.npmjs.org/@babel%2fplugin-transform-computed-properties 68ms (cache hit)
npm http cache https://registry.npmjs.org/@babel%2fplugin-transform-destructuring 105ms (cache hit)
npm http cache https://registry.npmjs.org/@babel%2fplugin-transform-dotall-regex 124ms (cache hit)
npm http cache https://registry.npmjs.org/@babel%2fplugin-transform-duplicate-keys 134ms (cache hit)
npm http cache https://registry.npmjs.org/@babel%2fplugin-transform-duplicate-named-capturing-groups-regex 94ms (cache hit)
npm http cache https://registry.npmjs.org/@babel%2fplugin-transform-dynamic-import 75ms (cache hit)
npm http cache https://registry.npmjs.org/@babel%2fplugin-transform-explicit-resource-management 80ms (cache hit)
npm http cache https://registry.npmjs.org/@babel%2fplugin-transform-exponentiation-operator 90ms (cache hit)
npm http cache https://registry.npmjs.org/@babel%2fplugin-transform-export-namespace-from 103ms (cache hit)
npm http cache https://registry.npmjs.org/@babel%2fplugin-transform-for-of 101ms (cache hit)
npm http cache https://registry.npmjs.org/@babel%2fplugin-transform-function-name 89ms (cache hit)
npm http cache https://registry.npmjs.org/@babel%2fplugin-transform-json-strings 60ms (cache hit)
npm http cache https://registry.npmjs.org/@babel%2fplugin-transform-literals 45ms (cache hit)
npm http cache https://registry.npmjs.org/@babel%2fplugin-transform-logical-assignment-operators 47ms (cache hit)
npm http cache https://registry.npmjs.org/@babel%2fplugin-transform-member-expression-literals 57ms (cache hit)
npm http cache https://registry.npmjs.org/@babel%2fplugin-transform-modules-amd 90ms (cache hit)
npm http cache https://registry.npmjs.org/@babel%2fplugin-transform-modules-commonjs 96ms (cache hit)
npm http cache https://registry.npmjs.org/@babel%2fplugin-transform-modules-systemjs 140ms (cache hit)
npm http cache https://registry.npmjs.org/@babel%2fplugin-transform-modules-umd 98ms (cache hit)
npm http cache https://registry.npmjs.org/@babel%2fplugin-transform-named-capturing-groups-regex 102ms (cache hit)
npm http cache https://registry.npmjs.org/@babel%2fplugin-transform-nullish-coalescing-operator 45ms (cache hit)
npm http cache https://registry.npmjs.org/@babel%2fplugin-transform-new-target 59ms (cache hit)
npm http cache https://registry.npmjs.org/@babel%2fplugin-transform-numeric-separator 75ms (cache hit)
npm http cache https://registry.npmjs.org/@babel%2fplugin-transform-object-super 84ms (cache hit)
npm http cache https://registry.npmjs.org/@babel%2fplugin-transform-object-rest-spread 105ms (cache hit)
npm http cache https://registry.npmjs.org/@babel%2fplugin-transform-optional-catch-binding 92ms (cache hit)
npm http cache https://registry.npmjs.org/@babel%2fplugin-transform-optional-chaining 71ms (cache hit)
npm http cache https://registry.npmjs.org/@babel%2fplugin-transform-parameters 77ms (cache hit)
npm http cache https://registry.npmjs.org/@babel%2fplugin-transform-private-methods 109ms (cache hit)
npm http cache https://registry.npmjs.org/@babel%2fplugin-transform-private-property-in-object 103ms (cache hit)
npm http cache https://registry.npmjs.org/@babel%2fplugin-transform-property-literals 88ms (cache hit)
npm http cache https://registry.npmjs.org/@babel%2fplugin-transform-regenerator 50ms (cache hit)
npm http cache https://registry.npmjs.org/@babel%2fplugin-transform-regexp-modifiers 74ms (cache hit)
npm http cache https://registry.npmjs.org/@babel%2fplugin-transform-reserved-words 79ms (cache hit)
npm http cache https://registry.npmjs.org/@babel%2fplugin-transform-shorthand-properties 86ms (cache hit)
npm http cache https://registry.npmjs.org/@babel%2fplugin-transform-spread 73ms (cache hit)
npm http cache https://registry.npmjs.org/@babel%2fplugin-transform-sticky-regex 74ms (cache hit)
npm http cache https://registry.npmjs.org/@babel%2fplugin-transform-template-literals 58ms (cache hit)
npm http cache https://registry.npmjs.org/@babel%2fplugin-transform-typeof-symbol 111ms (cache hit)
npm http cache https://registry.npmjs.org/@babel%2fplugin-transform-unicode-escapes 128ms (cache hit)
npm http cache https://registry.npmjs.org/@babel%2fplugin-transform-unicode-property-regex 139ms (cache hit)
npm http cache https://registry.npmjs.org/@babel%2fplugin-transform-unicode-regex 77ms (cache hit)
npm http cache https://registry.npmjs.org/@babel%2fplugin-transform-unicode-sets-regex 81ms (cache hit)
npm http cache https://registry.npmjs.org/@babel%2fpreset-modules 104ms (cache hit)
npm http cache https://registry.npmjs.org/core-js-compat 76ms (cache hit)
npm http cache https://registry.npmjs.org/@babel%2fplugin-transform-react-jsx-development 105ms (cache hit)
npm http cache https://registry.npmjs.org/@babel%2fplugin-transform-react-pure-annotations 87ms (cache hit)
npm http cache https://registry.npmjs.org/@babel%2fplugin-syntax-jsx 49ms (cache hit)
npm http cache https://registry.npmjs.org/@babel%2fplugin-transform-typescript 48ms (cache hit)
npm http cache https://registry.npmjs.org/@babel%2fhelper-optimise-call-expression 30ms (cache hit)
npm http cache https://registry.npmjs.org/@babel%2fhelper-member-expression-to-functions 44ms (cache hit)
npm http cache https://registry.npmjs.org/@babel%2fhelper-replace-supers 84ms (cache hit)
npm http cache https://registry.npmjs.org/@babel%2fhelper-define-polyfill-provider 110ms (cache hit)
npm http cache https://registry.npmjs.org/@babel%2fhelper-define-polyfill-provider 102ms (cache hit)
npm http cache https://registry.npmjs.org/@babel%2fhelper-define-polyfill-provider 129ms (cache hit)
npm http cache https://registry.npmjs.org/@babel%2fplugin-syntax-typescript 33ms (cache hit)
npm http cache https://registry.npmjs.org/lodash.debounce 26ms (cache hit)
npm http cache https://registry.npmjs.org/static-eval 35ms (cache hit)
npm http cache https://registry.npmjs.org/underscore 40ms (cache hit)
npm http cache https://registry.npmjs.org/esprima 52ms (cache hit)
npm http cache https://registry.npmjs.org/supports-color 64ms (cache hit)
npm http cache https://registry.npmjs.org/merge-stream 71ms (cache hit)
npm http cache https://registry.npmjs.org/fastq 79ms (cache hit)
npm http cache https://registry.npmjs.org/uri-js 83ms (cache hit)
npm http cache https://registry.npmjs.org/@nodelib%2ffs.scandir 91ms (cache hit)
npm http cache https://registry.npmjs.org/json-schema-traverse 243ms (cache hit)
npm http cache https://registry.npmjs.org/which 244ms (cache hit)
npm http cache https://registry.npmjs.org/acorn-jsx 283ms (cache hit)
npm http cache https://registry.npmjs.org/locate-path 131ms (cache hit)
npm http cache https://registry.npmjs.org/path-exists 89ms (cache hit)
npm http cache https://registry.npmjs.org/argparse 81ms (cache hit)
npm http cache https://registry.npmjs.org/type-check 137ms (cache hit)
npm http cache https://registry.npmjs.org/type-check 158ms (cache hit)
npm http cache https://registry.npmjs.org/fast-levenshtein 180ms (cache hit)
npm http cache https://registry.npmjs.org/@nodelib%2ffs.stat 117ms (cache hit)
npm http cache https://registry.npmjs.org/reusify 120ms (cache hit)
npm http cache https://registry.npmjs.org/isexe 720ms (cache hit)
npm http cache https://registry.npmjs.org/@typescript-eslint%2fparser 527ms (cache hit)
npm http cache https://registry.npmjs.org/eslint 42ms (cache hit)
npm http cache https://registry.npmjs.org/@babel%2fplugin-transform-react-jsx 96ms (cache hit)
npm http cache https://registry.npmjs.org/tsutils 33ms (cache hit)
npm http cache https://registry.npmjs.org/eslint-visitor-keys 53ms (cache hit)
npm http cache https://registry.npmjs.org/natural-compare-lite 60ms (cache hit)
npm http cache https://registry.npmjs.org/@typescript-eslint%2ftype-utils 188ms (cache hit)
npm http cache https://registry.npmjs.org/@typescript-eslint%2fscope-manager 902ms (cache hit)
npm http cache https://registry.npmjs.org/@typescript-eslint%2futils 1696ms (cache hit)
npm http cache https://registry.npmjs.org/array.prototype.findlastindex 503ms (cache hit)
npm http cache https://registry.npmjs.org/array-includes 1279ms (cache hit)
npm http cache https://registry.npmjs.org/array.prototype.flat 108ms (cache hit)
npm http cache https://registry.npmjs.org/array.prototype.flatmap 106ms (cache hit)
npm http cache https://registry.npmjs.org/eslint-module-utils 76ms (cache hit)
npm http cache https://registry.npmjs.org/object.fromentries 138ms (cache hit)
npm http cache https://registry.npmjs.org/object.groupby 110ms (cache hit)
npm http cache https://registry.npmjs.org/object.values 45ms (cache hit)
npm http cache https://registry.npmjs.org/string.prototype.trimend 46ms (cache hit)
npm http cache https://registry.npmjs.org/tsconfig-paths 43ms (cache hit)
npm http cache https://registry.npmjs.org/aria-query 44ms (cache hit)
npm http cache https://registry.npmjs.org/axe-core 148ms (cache hit)
npm http cache https://registry.npmjs.org/axobject-query 465ms (cache hit)
npm http fetch GET 200 https://registry.npmjs.org/debug 859ms (cache revalidated)
npm http cache https://registry.npmjs.org/damerau-levenshtein 64ms (cache hit)
npm http cache https://registry.npmjs.org/emoji-regex 52ms (cache hit)
npm http cache https://registry.npmjs.org/jsx-ast-utils 47ms (cache hit)
npm http cache https://registry.npmjs.org/language-tags 36ms (cache hit)
npm http cache https://registry.npmjs.org/safe-regex-test 37ms (cache hit)
npm http cache https://registry.npmjs.org/string.prototype.includes 57ms (cache hit)
npm http cache https://registry.npmjs.org/array.prototype.findlast 60ms (cache hit)
npm http cache https://registry.npmjs.org/array.prototype.tosorted 55ms (cache hit)
npm http cache https://registry.npmjs.org/es-iterator-helpers 60ms (cache hit)
npm http cache https://registry.npmjs.org/object.entries 72ms (cache hit)
npm http cache https://registry.npmjs.org/prop-types 80ms (cache hit)
npm http cache https://registry.npmjs.org/string.prototype.matchall 50ms (cache hit)
npm http cache https://registry.npmjs.org/string.prototype.repeat 44ms (cache hit)
npm http cache https://registry.npmjs.org/@typescript-eslint%2futils 114ms (cache hit)
npm http cache https://registry.npmjs.org/typescript 239ms (cache hit)
npm http cache https://registry.npmjs.org/eslint 30ms (cache hit)
npm http cache https://registry.npmjs.org/@typescript-eslint%2fvisitor-keys 167ms (cache hit)
npm http cache https://registry.npmjs.org/@typescript-eslint%2ftypescript-estree 856ms (cache hit)
npm http cache https://registry.npmjs.org/@typescript-eslint%2ftypescript-estree 1515ms (cache hit)
npm http cache https://registry.npmjs.org/tslib 1281ms (cache hit)
npm http cache https://registry.npmjs.org/eslint 93ms (cache hit)
npm http cache https://registry.npmjs.org/define-properties 29ms (cache hit)
npm http cache https://registry.npmjs.org/call-bound 35ms (cache hit)
npm http cache https://registry.npmjs.org/es-abstract 47ms (cache hit)
npm http cache https://registry.npmjs.org/es-abstract 71ms (cache hit)
npm http cache https://registry.npmjs.org/is-string 100ms (cache hit)
npm http cache https://registry.npmjs.org/es-shim-unscopables 74ms (cache hit)
npm http cache https://registry.npmjs.org/es-shim-unscopables 53ms (cache hit)
npm http cache https://registry.npmjs.org/es-shim-unscopables 75ms (cache hit)
npm http cache https://registry.npmjs.org/strip-bom 54ms (cache hit)
npm http cache https://registry.npmjs.org/define-data-property 45ms (cache hit)
npm http cache https://registry.npmjs.org/has-property-descriptors 47ms (cache hit)
npm http cache https://registry.npmjs.org/object-keys 87ms (cache hit)
npm http cache https://registry.npmjs.org/array-buffer-byte-length 104ms (cache hit)
npm http cache https://registry.npmjs.org/available-typed-arrays 100ms (cache hit)
npm http cache https://registry.npmjs.org/arraybuffer.prototype.slice 154ms (cache hit)
npm http cache https://registry.npmjs.org/data-view-buffer 46ms (cache hit)
npm http cache https://registry.npmjs.org/data-view-byte-offset 43ms (cache hit)
npm http cache https://registry.npmjs.org/data-view-byte-length 53ms (cache hit)
npm http cache https://registry.npmjs.org/es-to-primitive 70ms (cache hit)
npm http cache https://registry.npmjs.org/function.prototype.name 78ms (cache hit)
npm http cache https://registry.npmjs.org/globalthis 36ms (cache hit)
npm http cache https://registry.npmjs.org/get-symbol-description 69ms (cache hit)
npm http cache https://registry.npmjs.org/is-array-buffer 39ms (cache hit)
npm http cache https://registry.npmjs.org/is-callable 67ms (cache hit)
npm http cache https://registry.npmjs.org/is-negative-zero 90ms (cache hit)
npm http cache https://registry.npmjs.org/is-set 88ms (cache hit)
npm http cache https://registry.npmjs.org/is-shared-array-buffer 28ms (cache hit)
npm http fetch GET 200 https://registry.npmjs.org/es-define-property 557ms (cache revalidated)
npm http cache https://registry.npmjs.org/is-weakref 73ms (cache hit)
npm http cache https://registry.npmjs.org/object-inspect 64ms (cache hit)
npm http fetch GET 200 https://registry.npmjs.org/gopd 493ms (cache revalidated)
npm http cache https://registry.npmjs.org/object.assign 61ms (cache hit)
npm http cache https://registry.npmjs.org/own-keys 48ms (cache hit)
npm http cache https://registry.npmjs.org/regexp.prototype.flags 45ms (cache hit)
npm http cache https://registry.npmjs.org/safe-array-concat 54ms (cache hit)
npm http cache https://registry.npmjs.org/safe-push-apply 59ms (cache hit)
npm http cache https://registry.npmjs.org/set-proto 60ms (cache hit)
npm http cache https://registry.npmjs.org/stop-iteration-iterator 43ms (cache hit)
npm http cache https://registry.npmjs.org/typed-array-buffer 31ms (cache hit)
npm http cache https://registry.npmjs.org/string.prototype.trim 56ms (cache hit)
npm http cache https://registry.npmjs.org/string.prototype.trimstart 59ms (cache hit)
npm http cache https://registry.npmjs.org/typed-array-byte-offset 40ms (cache hit)
npm http cache https://registry.npmjs.org/typed-array-byte-length 68ms (cache hit)
npm http cache https://registry.npmjs.org/typed-array-length 53ms (cache hit)
npm http cache https://registry.npmjs.org/unbox-primitive 33ms (cache hit)
npm http cache https://registry.npmjs.org/which-typed-array 32ms (cache hit)
npm http cache https://registry.npmjs.org/possible-typed-array-names 50ms (cache hit)
npm http cache https://registry.npmjs.org/is-date-object 53ms (cache hit)
npm http cache https://registry.npmjs.org/isarray 50ms (cache hit)
npm http cache https://registry.npmjs.org/isarray 39ms (cache hit)
npm http cache https://registry.npmjs.org/has-bigints 27ms (cache hit)
npm http cache https://registry.npmjs.org/which-boxed-primitive 25ms (cache hit)
npm http fetch GET 200 https://registry.npmjs.org/dunder-proto 451ms (cache revalidated)
npm http cache https://registry.npmjs.org/language-subtag-registry 56ms (cache hit)
npm http cache https://registry.npmjs.org/iterator.prototype 123ms (cache hit)
npm http cache https://registry.npmjs.org/node-exports-info 145ms (cache hit)
npm http cache https://registry.npmjs.org/react-is 218ms (cache hit)
npm http cache https://registry.npmjs.org/side-channel 274ms (cache hit)
npm http cache https://registry.npmjs.org/eslint 196ms (cache hit)
npm http fetch GET 200 https://registry.npmjs.org/acorn 174ms (cache revalidated)
npm http fetch GET 200 https://registry.npmjs.org/camel-case 473ms (cache revalidated)
npm http fetch GET 200 https://registry.npmjs.org/clean-css 491ms (cache revalidated)
npm http fetch GET 200 https://registry.npmjs.org/commander 509ms (cache revalidated)
npm http fetch GET 200 https://registry.npmjs.org/he 432ms (cache revalidated)
npm http fetch GET 200 https://registry.npmjs.org/relateurl 417ms (cache revalidated)
npm http fetch GET 200 https://registry.npmjs.org/param-case 443ms (cache revalidated)
npm http fetch GET 200 https://registry.npmjs.org/renderkid 767ms (cache revalidated)
npm http fetch GET 200 https://registry.npmjs.org/source-map-support 444ms (cache revalidated)
npm http fetch GET 200 https://registry.npmjs.org/pascal-case 466ms (cache revalidated)
npm http fetch GET 200 https://registry.npmjs.org/dot-case 516ms (cache revalidated)
npm http fetch GET 200 https://registry.npmjs.org/no-case 407ms (cache revalidated)
npm http cache https://registry.npmjs.org/istanbul-lib-coverage 10ms (cache hit)
npm http fetch GET 200 https://registry.npmjs.org/jest-config 437ms (cache revalidated)
npm http fetch GET 200 https://registry.npmjs.org/exit 477ms (cache revalidated)
npm http fetch GET 200 https://registry.npmjs.org/emittery 473ms (cache revalidated)
npm http fetch GET 200 https://registry.npmjs.org/jest-runner 466ms (cache revalidated)
npm http fetch GET 200 https://registry.npmjs.org/jest-runtime 485ms (cache revalidated)
npm http fetch GET 200 https://registry.npmjs.org/jest-snapshot 473ms (cache revalidated)
npm http fetch GET 200 https://registry.npmjs.org/@jest%2fconsole 973ms (cache revalidated)
npm http fetch GET 200 https://registry.npmjs.org/jest-message-util 447ms (cache revalidated)
npm http fetch GET 200 https://registry.npmjs.org/jest-changed-files 425ms (cache revalidated)
npm http fetch GET 200 https://registry.npmjs.org/@jest%2freporters 1394ms (cache revalidated)
npm http cache https://registry.npmjs.org/pkg-dir 11ms (cache hit)
npm http fetch GET 200 https://registry.npmjs.org/@jest%2ftest-result 978ms (cache revalidated)
npm http fetch GET 200 https://registry.npmjs.org/jest-resolve-dependencies 444ms (cache revalidated)
npm http fetch GET 200 https://registry.npmjs.org/resolve-cwd 455ms (cache revalidated)
npm http fetch GET 200 https://registry.npmjs.org/leven 496ms (cache revalidated)
npm http fetch GET 200 https://registry.npmjs.org/pretty-format 526ms (cache revalidated)
npm http cache https://registry.npmjs.org/ansi-styles 10ms (cache hit)
npm http cache https://registry.npmjs.org/react-is 43ms (cache hit)
npm http cache https://registry.npmjs.org/ansi-regex 20ms (cache hit)
npm http fetch GET 200 https://registry.npmjs.org/char-regex 1114ms (cache revalidated)
npm http fetch GET 200 https://registry.npmjs.org/@jest%2ftypes 1483ms (cache revalidated)
npm http cache https://registry.npmjs.org/@types%2fyargs 23ms (cache hit)
npm http fetch GET 200 https://registry.npmjs.org/ts-node 583ms (cache revalidated)
npm http fetch GET 200 https://registry.npmjs.org/@swc%2fcore 1043ms (cache revalidated)
npm http fetch GET 200 https://registry.npmjs.org/@swc%2fwasm 1183ms (cache revalidated)
npm http cache https://registry.npmjs.org/@types%2fnode 176ms (cache hit)
npm http cache https://registry.npmjs.org/typescript 313ms (cache hit)
npm http fetch GET 200 https://registry.npmjs.org/yargs 867ms (cache revalidated)
npm http fetch GET 200 https://registry.npmjs.org/jest-jasmine2 807ms (cache revalidated)
npm http fetch GET 200 https://registry.npmjs.org/jest-circus 833ms (cache revalidated)
npm http fetch GET 200 https://registry.npmjs.org/@jest%2ftest-sequencer 1206ms (cache revalidated)
npm http fetch GET 200 https://registry.npmjs.org/jest-environment-node 615ms (cache revalidated)
npm http fetch GET 200 https://registry.npmjs.org/jest-environment-jsdom 618ms (cache revalidated)
npm http fetch GET 200 https://registry.npmjs.org/y18n 829ms (cache revalidated)
npm http fetch GET 200 https://registry.npmjs.org/yargs-parser 839ms (cache revalidated)
npm http fetch GET 200 https://registry.npmjs.org/string-width 1415ms (cache revalidated)
npm http fetch GET 200 https://registry.npmjs.org/cliui 1443ms (cache revalidated)
npm http fetch GET 200 https://registry.npmjs.org/require-directory 540ms (cache revalidated)
npm http fetch GET 200 https://registry.npmjs.org/get-caller-file 769ms (cache revalidated)
npm http fetch GET 200 https://registry.npmjs.org/expect 447ms (cache revalidated)
npm http fetch GET 200 https://registry.npmjs.org/co 472ms (cache revalidated)
npm http fetch GET 200 https://registry.npmjs.org/dedent 477ms (cache revalidated)
npm http fetch GET 200 https://registry.npmjs.org/is-generator-fn 868ms (cache revalidated)
npm http fetch GET 200 https://registry.npmjs.org/throat 893ms (cache revalidated)
npm http fetch GET 200 https://registry.npmjs.org/jest-each 889ms (cache revalidated)
npm http fetch GET 200 https://registry.npmjs.org/jest-matcher-utils 451ms (cache revalidated)
npm http fetch GET 200 https://registry.npmjs.org/jsdom 454ms (cache revalidated)
npm http fetch GET 200 https://registry.npmjs.org/jest-mock 465ms (cache revalidated)
npm http fetch GET 200 https://registry.npmjs.org/@jest%2fenvironment 1037ms (cache revalidated)
npm http fetch GET 200 https://registry.npmjs.org/@jest%2fenvironment 542ms (cache revalidated)
npm http fetch GET 200 https://registry.npmjs.org/@jest%2ffake-timers 898ms (cache revalidated)
npm http fetch GET 200 https://registry.npmjs.org/@jest%2ffake-timers 1012ms (cache revalidated)
npm http fetch GET 200 https://registry.npmjs.org/@jest%2fsource-map 982ms (cache revalidated)
npm http fetch GET 200 https://registry.npmjs.org/jest-leak-detector 760ms (cache revalidated)
npm http fetch GET 200 https://registry.npmjs.org/jest-docblock 804ms (cache revalidated)
npm http fetch GET 200 https://registry.npmjs.org/execa 756ms (cache revalidated)
npm http fetch GET 200 https://registry.npmjs.org/cjs-module-lexer 759ms (cache revalidated)
npm http fetch GET 200 https://registry.npmjs.org/@jest%2fglobals 1149ms (cache revalidated)
npm http fetch GET 200 https://registry.npmjs.org/jest-diff 923ms (cache revalidated)
npm http fetch GET 200 https://registry.npmjs.org/jest-diff 1090ms (cache revalidated)
npm http fetch GET 200 https://registry.npmjs.org/@types%2fprettier 1420ms (cache revalidated)
npm http fetch GET 200 https://registry.npmjs.org/@sinonjs%2ffake-timers 1251ms (cache revalidated)
npm http fetch GET 200 https://registry.npmjs.org/@sinonjs%2fcommons 966ms (cache revalidated)
npm http fetch GET 200 https://registry.npmjs.org/type-detect 412ms (cache revalidated)
npm http fetch GET 200 https://registry.npmjs.org/canvas 414ms (cache revalidated)
npm http fetch GET 200 https://registry.npmjs.org/nwsapi 427ms (cache revalidated)
npm http fetch GET 200 https://registry.npmjs.org/cssom 448ms (cache revalidated)
npm http fetch GET 200 https://registry.npmjs.org/saxes 455ms (cache revalidated)
npm http fetch GET 200 https://registry.npmjs.org/data-urls 440ms (cache revalidated)
npm http fetch GET 200 https://registry.npmjs.org/parse5 486ms (cache revalidated)
npm http fetch GET 200 https://registry.npmjs.org/escodegen 468ms (cache revalidated)
npm http fetch GET 200 https://registry.npmjs.org/cssstyle 964ms (cache revalidated)
npm http fetch GET 200 https://registry.npmjs.org/decimal.js 493ms (cache revalidated)
npm http fetch GET 200 https://registry.npmjs.org/symbol-tree 444ms (cache revalidated)
npm http fetch GET 200 https://registry.npmjs.org/w3c-hr-time 458ms (cache revalidated)
npm http fetch GET 200 https://registry.npmjs.org/tough-cookie 944ms (cache revalidated)
npm http fetch GET 200 https://registry.npmjs.org/whatwg-url 1607ms (cache revalidated)
npm http fetch GET 200 https://registry.npmjs.org/acorn-globals 536ms (cache revalidated)
npm http fetch GET 200 https://registry.npmjs.org/whatwg-encoding 493ms (cache revalidated)
npm http fetch GET 200 https://registry.npmjs.org/whatwg-mimetype 426ms (cache revalidated)
npm http fetch GET 200 https://registry.npmjs.org/domexception 2051ms (cache revalidated)
npm http fetch GET 200 https://registry.npmjs.org/http-proxy-agent 442ms (cache revalidated)
npm http fetch GET 200 https://registry.npmjs.org/w3c-xmlserializer 413ms (cache revalidated)
npm http fetch GET 200 https://registry.npmjs.org/webidl-conversions 426ms (cache revalidated)
npm http fetch GET 200 https://registry.npmjs.org/html-encoding-sniffer 423ms (cache revalidated)
npm http fetch GET 200 https://registry.npmjs.org/is-potential-custom-element-name 417ms (cache revalidated)
npm http fetch GET 200 https://registry.npmjs.org/xml-name-validator 871ms (cache revalidated)
npm http fetch GET 200 https://registry.npmjs.org/callsites 440ms (cache revalidated)
npm http fetch GET 200 https://registry.npmjs.org/diff-sequences 419ms (cache revalidated)
npm http cache https://registry.npmjs.org/react-is 77ms (cache hit)
npm http fetch GET 200 https://registry.npmjs.org/detect-newline 454ms (cache revalidated)
npm http fetch GET 200 https://registry.npmjs.org/strip-final-newline 426ms (cache revalidated)
npm http fetch GET 200 https://registry.npmjs.org/human-signals 430ms (cache revalidated)
npm http cache https://registry.npmjs.org/has-flag 27ms (cache hit)
npm http fetch GET 200 https://registry.npmjs.org/bufferutil 551ms (cache revalidated)
npm http fetch GET 200 https://registry.npmjs.org/utf-8-validate 432ms (cache revalidated)
npm http fetch GET 200 https://registry.npmjs.org/acorn-walk 461ms (cache revalidated)
npm http fetch GET 200 https://registry.npmjs.org/xmlchars 457ms (cache revalidated)
npm http fetch GET 200 https://registry.npmjs.org/psl 473ms (cache revalidated)
npm http fetch GET 200 https://registry.npmjs.org/@tootallnate%2fonce 1028ms (cache revalidated)
npm http fetch GET 200 https://registry.npmjs.org/universalify 490ms (cache revalidated)
npm http fetch GET 200 https://registry.npmjs.org/url-parse 1094ms (cache revalidated)
npm http fetch GET 200 https://registry.npmjs.org/browser-process-hrtime 712ms (cache revalidated)
npm http fetch GET 200 https://registry.npmjs.org/tr46 424ms (cache revalidated)
npm http fetch GET 200 https://registry.npmjs.org/lower-case 571ms (cache revalidated)
npm http cache https://registry.npmjs.org/css-select 24ms (cache hit)
npm http fetch GET 200 https://registry.npmjs.org/dom-converter 435ms (cache revalidated)
npm http fetch GET 200 https://registry.npmjs.org/htmlparser2 455ms (cache revalidated)
npm http fetch GET 200 https://registry.npmjs.org/asap 477ms (cache revalidated)
npm http fetch GET 200 https://registry.npmjs.org/performance-now 587ms (cache revalidated)
npm http cache https://registry.npmjs.org/eslint 20ms (cache hit)
npm http cache https://registry.npmjs.org/typescript 274ms (cache hit)
npm http fetch GET 200 https://registry.npmjs.org/vue-template-compiler 470ms (cache revalidated)
npm http cache https://registry.npmjs.org/webpack 51ms (cache hit)
npm http fetch GET 200 https://registry.npmjs.org/tapable 505ms (cache revalidated)
npm http fetch GET 200 https://registry.npmjs.org/memfs 520ms (cache revalidated)
npm http cache https://registry.npmjs.org/dir-glob 12ms (cache hit)
npm http cache https://registry.npmjs.org/array-union 13ms (cache hit)
npm http fetch GET 200 https://registry.npmjs.org/global-prefix 482ms (cache revalidated)
npm http fetch GET 200 https://registry.npmjs.org/is-docker 491ms (cache revalidated)
npm http fetch GET 200 https://registry.npmjs.org/cosmiconfig 1557ms (cache revalidated)
npm http fetch GET 200 https://registry.npmjs.org/define-lazy-prop 812ms (cache revalidated)
npm http fetch GET 200 https://registry.npmjs.org/ms 94ms (cache revalidated)
npm http fetch GET 200 https://registry.npmjs.org/glob-parent 431ms (cache revalidated)
npm http fetch GET 200 https://registry.npmjs.org/boolbase 493ms (cache revalidated)
npm http fetch GET 200 https://registry.npmjs.org/domutils 497ms (cache revalidated)
npm http fetch GET 200 https://registry.npmjs.org/css-what 631ms (cache revalidated)
npm http fetch GET 200 https://registry.npmjs.org/utila 452ms (cache revalidated)
npm http fetch GET 200 https://registry.npmjs.org/nth-check 467ms (cache revalidated)
npm http fetch GET 200 https://registry.npmjs.org/entities 459ms (cache revalidated)
npm http fetch GET 200 https://registry.npmjs.org/domelementtype 555ms (cache revalidated)
npm http fetch GET 200 https://registry.npmjs.org/dom-serializer 579ms (cache revalidated)
npm http fetch GET 200 https://registry.npmjs.org/picocolors 622ms (cache revalidated)
npm http fetch GET 200 https://registry.npmjs.org/ajv 369ms (cache revalidated)
npm http cache https://registry.npmjs.org/ajv-formats 15ms (cache hit)
npm http cache https://registry.npmjs.org/ajv 301ms (cache hit)
npm http fetch GET 200 https://registry.npmjs.org/fast-uri 4185ms (cache revalidated)
npm http fetch GET 200 https://registry.npmjs.org/require-from-string 4730ms (cache revalidated)
npm http fetch GET 200 https://registry.npmjs.org/safer-buffer 89ms (cache revalidated)
npm http fetch GET 200 https://registry.npmjs.org/side-channel-list 174ms (cache revalidated)
npm http fetch GET 200 https://registry.npmjs.org/side-channel-weakmap 468ms (cache revalidated)
npm http fetch GET 200 https://registry.npmjs.org/side-channel-map 511ms (cache revalidated)
npm http fetch GET 200 https://registry.npmjs.org/tsx 118ms (cache revalidated)
npm http fetch GET 200 https://registry.npmjs.org/read-cache 470ms (cache revalidated)
npm http fetch GET 200 https://registry.npmjs.org/camelcase-css 496ms (cache revalidated)
npm http fetch GET 200 https://registry.npmjs.org/is-binary-path 512ms (cache revalidated)
npm http fetch GET 200 https://registry.npmjs.org/util-deprecate 167ms (cache revalidated)
npm http fetch GET 200 https://registry.npmjs.org/mz 592ms (cache revalidated)
npm http fetch GET 200 https://registry.npmjs.org/cssesc 637ms (cache revalidated)
npm http fetch GET 200 https://registry.npmjs.org/ts-interface-checker 443ms (cache revalidated)
npm http fetch GET 200 https://registry.npmjs.org/pify 700ms (cache revalidated)
npm http fetch GET 200 https://registry.npmjs.org/thenify-all 419ms (cache revalidated)
npm http fetch GET 200 https://registry.npmjs.org/any-promise 437ms (cache revalidated)
npm http fetch GET 200 https://registry.npmjs.org/is-bigint 525ms (cache revalidated)
npm http fetch GET 200 https://registry.npmjs.org/is-boolean-object 528ms (cache revalidated)
npm http fetch GET 200 https://registry.npmjs.org/is-number-object 1297ms (cache revalidated)
npm http fetch GET 200 https://registry.npmjs.org/@webassemblyjs%2fhelper-wasm-bytecode 797ms (cache revalidated)
npm http fetch GET 200 https://registry.npmjs.org/@webassemblyjs%2fhelper-numbers 813ms (cache revalidated)
npm http fetch GET 200 https://registry.npmjs.org/@webassemblyjs%2fhelper-buffer 807ms (cache revalidated)
npm http fetch GET 200 https://registry.npmjs.org/@webassemblyjs%2fhelper-wasm-section 777ms (cache revalidated)
npm http fetch GET 200 https://registry.npmjs.org/@webassemblyjs%2fwasm-gen 775ms (cache revalidated)
npm http fetch GET 200 https://registry.npmjs.org/@webassemblyjs%2fwasm-opt 797ms (cache revalidated)
npm http fetch GET 200 https://registry.npmjs.org/@webassemblyjs%2fleb128 779ms (cache revalidated)
npm http fetch GET 200 https://registry.npmjs.org/@webassemblyjs%2fieee754 805ms (cache revalidated)
npm http fetch GET 200 https://registry.npmjs.org/@webassemblyjs%2futf8 774ms (cache revalidated)
npm http cache https://registry.npmjs.org/estraverse 24ms (cache hit)
npm http fetch GET 200 https://registry.npmjs.org/@xtuc%2fieee754 996ms (cache revalidated)
npm http fetch GET 200 https://registry.npmjs.org/@xtuc%2flong 1027ms (cache revalidated)
npm http cache https://registry.npmjs.org/@types%2fexpress 137ms (cache hit)
npm http cache https://registry.npmjs.org/webpack 158ms (cache hit)
npm http fetch GET 200 https://registry.npmjs.org/qs 201ms (cache revalidated)
npm http fetch GET 200 https://registry.npmjs.org/depd 572ms (cache revalidated)
npm http fetch GET 200 https://registry.npmjs.org/etag 631ms (cache revalidated)
npm http fetch GET 200 https://registry.npmjs.org/vary 444ms (cache revalidated)
npm http fetch GET 200 https://registry.npmjs.org/multicast-dns 1181ms (cache revalidated)
npm http fetch GET 200 https://registry.npmjs.org/fresh 471ms (cache revalidated)
npm http fetch GET 200 https://registry.npmjs.org/methods 442ms (cache revalidated)
npm http fetch GET 200 https://registry.npmjs.org/type-is 456ms (cache revalidated)
npm http fetch GET 200 https://registry.npmjs.org/parseurl 434ms (cache revalidated)
npm http fetch GET 200 https://registry.npmjs.org/escape-html 441ms (cache revalidated)
npm http fetch GET 200 https://registry.npmjs.org/body-parser 620ms (cache revalidated)
npm http fetch GET 200 https://registry.npmjs.org/utils-merge 441ms (cache revalidated)
npm http fetch GET 200 https://registry.npmjs.org/range-parser 428ms (cache revalidated)
npm http fetch GET 200 https://registry.npmjs.org/array-flatten 446ms (cache revalidated)
npm http fetch GET 200 https://registry.npmjs.org/setprototypeof 444ms (cache revalidated)
npm http fetch GET 200 https://registry.npmjs.org/http-proxy 431ms (cache revalidated)
npm http fetch GET 200 https://registry.npmjs.org/node-forge 429ms (cache revalidated)
npm http fetch GET 200 https://registry.npmjs.org/batch 426ms (cache revalidated)
npm http fetch GET 200 https://registry.npmjs.org/http-errors 453ms (cache revalidated)
npm http fetch GET 200 https://registry.npmjs.org/@types%2fnode-forge 801ms (cache revalidated)
npm http fetch GET 200 https://registry.npmjs.org/faye-websocket 432ms (cache revalidated)
npm http fetch GET 200 https://registry.npmjs.org/uuid 425ms (cache revalidated)
npm http fetch GET 200 https://registry.npmjs.org/websocket-driver 430ms (cache revalidated)
npm http fetch GET 200 https://registry.npmjs.org/http-deceiver 420ms (cache revalidated)
npm http fetch GET 200 https://registry.npmjs.org/select-hose 426ms (cache revalidated)
npm http fetch GET 200 https://registry.npmjs.org/spdy-transport 427ms (cache revalidated)
npm http fetch GET 200 https://registry.npmjs.org/thunky 441ms (cache revalidated)
npm http fetch GET 200 https://registry.npmjs.org/requires-port 410ms (cache revalidated)
npm http fetch GET 200 https://registry.npmjs.org/eventemitter3 438ms (cache revalidated)
npm http fetch GET 200 https://registry.npmjs.org/inherits 423ms (cache revalidated)
npm http fetch GET 200 https://registry.npmjs.org/statuses 449ms (cache revalidated)
npm http fetch GET 200 https://registry.npmjs.org/websocket-extensions 439ms (cache revalidated)
npm http fetch GET 200 https://registry.npmjs.org/readable-stream 428ms (cache revalidated)
npm http fetch GET 200 https://registry.npmjs.org/obuf 444ms (cache revalidated)
npm http fetch GET 200 https://registry.npmjs.org/hpack.js 448ms (cache revalidated)
npm http fetch GET 200 https://registry.npmjs.org/wbuf 528ms (cache revalidated)
npm http fetch GET 200 https://registry.npmjs.org/string_decoder 102ms (cache revalidated)
npm http fetch GET 200 https://registry.npmjs.org/minimalistic-assert 435ms (cache revalidated)
npm http fetch GET 200 https://registry.npmjs.org/process-nextick-args 452ms (cache revalidated)
npm http fetch GET 200 https://registry.npmjs.org/safe-buffer 905ms (cache revalidated)
npm http fetch GET 200 https://registry.npmjs.org/fs-monkey 455ms (cache revalidated)
npm http fetch GET 200 https://registry.npmjs.org/source-list-map 410ms (cache revalidated)
npm http cache https://registry.npmjs.org/ajv 32ms (cache hit)
npm http fetch GET 200 https://registry.npmjs.org/rollup 1056ms (cache revalidated)
npm http fetch GET 200 https://registry.npmjs.org/workbox-core 1543ms (cache revalidated)
npm http fetch GET 200 https://registry.npmjs.org/common-tags 1882ms (cache revalidated)
npm http fetch GET 200 https://registry.npmjs.org/strip-comments 620ms (cache revalidated)
npm http fetch GET 200 https://registry.npmjs.org/@babel%2fruntime 964ms (cache revalidated)
npm http fetch GET 200 https://registry.npmjs.org/workbox-window 522ms (cache revalidated)
npm http fetch GET 200 https://registry.npmjs.org/workbox-recipes 880ms (cache revalidated)
npm http fetch GET 200 https://registry.npmjs.org/workbox-routing 716ms (cache revalidated)
npm http fetch GET 200 https://registry.npmjs.org/workbox-streams 702ms (cache revalidated)
npm http cache https://registry.npmjs.org/@babel%2fpreset-env 33ms (cache hit)
npm http fetch GET 200 https://registry.npmjs.org/stringify-object 1540ms (cache revalidated)
npm http fetch GET 200 https://registry.npmjs.org/workbox-precaching 1480ms (cache revalidated)
npm http fetch GET 200 https://registry.npmjs.org/workbox-expiration 1540ms (cache revalidated)
npm http fetch GET 200 https://registry.npmjs.org/workbox-range-requests 587ms (cache revalidated)
npm http fetch GET 200 https://registry.npmjs.org/workbox-strategies 610ms (cache revalidated)
npm http fetch GET 200 https://registry.npmjs.org/@rollup%2fplugin-replace 1097ms (cache revalidated)
npm http fetch GET 200 https://registry.npmjs.org/workbox-background-sync 505ms (cache revalidated)
npm http fetch GET 200 https://registry.npmjs.org/workbox-broadcast-update 506ms (cache revalidated)
npm http fetch GET 200 https://registry.npmjs.org/workbox-google-analytics 446ms (cache revalidated)
npm http fetch GET 200 https://registry.npmjs.org/workbox-cacheable-response 446ms (cache revalidated)
npm http fetch GET 200 https://registry.npmjs.org/workbox-navigation-preload 434ms (cache revalidated)
npm http fetch GET 200 https://registry.npmjs.org/@apideck%2fbetter-ajv-errors 1014ms (cache revalidated)
npm http fetch GET 200 https://registry.npmjs.org/@rollup%2fplugin-node-resolve 984ms (cache revalidated)
npm http fetch GET 200 https://registry.npmjs.org/@surma%2frollup-plugin-off-main-thread 978ms (cache revalidated)
npm http fetch GET 200 https://registry.npmjs.org/ejs 530ms (cache revalidated)
npm http fetch GET 200 https://registry.npmjs.org/is-obj 536ms (cache revalidated)
npm http fetch GET 200 https://registry.npmjs.org/is-module 560ms (cache revalidated)
npm http fetch GET 200 https://registry.npmjs.org/is-regexp 453ms (cache revalidated)
npm http fetch GET 200 https://registry.npmjs.org/idb 464ms (cache revalidated)
npm http fetch GET 200 https://registry.npmjs.org/idb 463ms (cache revalidated)
npm http fetch GET 200 https://registry.npmjs.org/jake 435ms (cache revalidated)
npm http fetch GET 200 https://registry.npmjs.org/wrap-ansi 449ms (cache revalidated)
npm http fetch GET 200 https://registry.npmjs.org/is-fullwidth-code-point 440ms (cache revalidated)
npm http fetch GET 200 https://registry.npmjs.org/async 591ms (cache revalidated)
npm http cache https://registry.npmjs.org/@babel%2fhelper-remap-async-to-generator 119ms (cache hit)
npm http cache https://registry.npmjs.org/@babel%2fhelper-remap-async-to-generator 159ms (cache hit)
npm http cache https://registry.npmjs.org/@babel%2fhelper-wrap-function 124ms (cache hit)
npm http fetch GET 200 https://registry.npmjs.org/p-locate 682ms (cache revalidated)
npm http fetch GET 200 https://registry.npmjs.org/p-limit 429ms (cache revalidated)
npm http fetch GET 200 https://registry.npmjs.org/terminal-link 442ms (cache revalidated)
npm http fetch GET 200 https://registry.npmjs.org/v8-to-istanbul 450ms (cache revalidated)
npm http fetch GET 200 https://registry.npmjs.org/istanbul-reports 466ms (cache revalidated)
npm http fetch GET 200 https://registry.npmjs.org/istanbul-lib-report 623ms (cache revalidated)
npm http fetch GET 200 https://registry.npmjs.org/istanbul-lib-source-maps 613ms (cache revalidated)
npm http fetch GET 200 https://registry.npmjs.org/@bcoe%2fv8-coverage 1042ms (cache revalidated)
npm http fetch GET 200 https://registry.npmjs.org/html-escaper 435ms (cache revalidated)
npm http fetch GET 200 https://registry.npmjs.org/make-dir 446ms (cache revalidated)
npm http fetch GET 200 https://registry.npmjs.org/supports-hyperlinks 446ms (cache revalidated)
npm http cache https://registry.npmjs.org/resolve-from 98ms (cache hit)
npm http fetch GET 200 https://registry.npmjs.org/p-try 460ms (cache revalidated)
npm http fetch GET 200 https://registry.npmjs.org/querystringify 462ms (cache revalidated)
npm http fetch GET 200 https://registry.npmjs.org/media-typer 141ms (cache revalidated)
npm http fetch GET 200 https://registry.npmjs.org/unpipe 500ms (cache revalidated)
npm http fetch GET 200 https://registry.npmjs.org/lodash.sortby 490ms (cache revalidated)
npm verbose stack Error: ENOTEMPTY: directory not empty, rmdir 'D:\hdd\templates\fitness2.0\client\node_modules\bootstrap-icons'
npm error code ENOTEMPTY
npm error syscall rmdir
npm error path D:\hdd\templates\fitness2.0\client\node_modules\bootstrap-icons
npm error errno -4051
npm error ENOTEMPTY: directory not empty, rmdir 'D:\hdd\templates\fitness2.0\client\node_modules\bootstrap-icons'
npm verbose cwd D:\hdd\templates\fitness2.0\client
npm verbose os Windows_NT 10.0.19045
npm verbose node v24.14.1
npm verbose npm  v11.11.0
npm verbose exit -4051
npm verbose code -4051
npm error A complete log of this run can be found in: C:\Users\IYONICORP\AppData\Local\npm-cache\_logs\2026-06-11T17_53_27_240Z-debug-0.log
